<?xml version='1.0' encoding='UTF-8'?>
<caom2:Observation xmlns:caom2="http://www.opencadc.org/caom2/xml/v2.3" xmlns:xsi="http://www.w3.org/2001/XMLSchema-instance" xsi:type="caom2:CompositeObservation" caom2:id="2a4d3cc1-18a0-401e-8304-f5dc3e85ccf3">
  <caom2:collection>COLLECTION</caom2:collection>
  <caom2:observationID>NGVS+0+0</caom2:observationID>
  <caom2:metaRelease>2022-01-01T00:00:00.000</caom2:metaRelease>
  <caom2:algorithm>
    <caom2:name>composite</caom2:name>
  </caom2:algorithm>
  <caom2:type>OBJECT</caom2:type>
  <caom2:intent>science</caom2:intent>
  <caom2:target>
    <caom2:name>NGVS+0+0</caom2:name>
    <caom2:type>field</caom2:type>
  </caom2:target>
  <caom2:telescope>
    <caom2:name>CFHT 3.6m</caom2:name>
    <caom2:geoLocationX>-5464301.771353686</caom2:geoLocationX>
    <caom2:geoLocationY>-2493489.8730419003</caom2:geoLocationY>
    <caom2:geoLocationZ>2151085.1695058867</caom2:geoLocationZ>
  </caom2:telescope>
  <caom2:instrument>
    <caom2:name>MegaPrime</caom2:name>
  </caom2:instrument>
  <caom2:planes>
    <caom2:plane caom2:id="696b18db-f60c-49f3-a370-a077cddde3fb">
      <caom2:productID>l.i.Mg002</caom2:productID>
      <caom2:metaRelease>2022-01-01T00:00:00.000</caom2:metaRelease>
      <caom2:dataRelease>2022-01-01T00:00:00.000</caom2:dataRelease>
      <caom2:dataProductType>image</caom2:dataProductType>
      <caom2:calibrationLevel>3</caom2:calibrationLevel>
      <caom2:provenance>
        <caom2:name>MegaPipe_Mg002</caom2:name>
        <caom2:version>Mg002</caom2:version>
        <caom2:project>NGVS</caom2:project>
        <caom2:producer>CADC</caom2:producer>
        <caom2:reference>http://www.cadc-ccda.hia-iha.nrc-cnrc.gc.ca/en/community/ngvs/docs/ngvsdoc.html</caom2:reference>
        <caom2:keywords>
          <caom2:keyword>ART_SKEP</caom2:keyword>
        </caom2:keywords>
        <caom2:inputs>
          <caom2:planeURI>caom:CFHT/973891/973891p</caom2:planeURI>
          <caom2:planeURI>caom:CFHT/973888/973888p</caom2:planeURI>
          <caom2:planeURI>caom:CFHT/973889/973889p</caom2:planeURI>
          <caom2:planeURI>caom:CFHT/973890/973890p</caom2:planeURI>
          <caom2:planeURI>caom:CFHT/973887/973887p</caom2:planeURI>
        </caom2:inputs>
      </caom2:provenance>
      <caom2:metrics>
        <caom2:magLimit>26.1</caom2:magLimit>
      </caom2:metrics>
      <caom2:artifacts>
        <caom2:artifact caom2:id="b66e2bd2-eb2d-4052-a30f-89016bfcfd37">
          <caom2:uri>ad:NGVS/NGVS+0+0.l.i.Mg002.fits</caom2:uri>
          <caom2:productType>science</caom2:productType>
          <caom2:releaseType>data</caom2:releaseType>
          <caom2:contentType>application/fits</caom2:contentType>
          <caom2:parts>
            <caom2:part caom2:id="fb946864-5036-4706-bea7-c8e41d7d5614">
              <caom2:name>0</caom2:name>
              <caom2:chunks>
                <caom2:chunk caom2:id="4eb2b19b-0f73-40f6-b9a4-bf74712c585f">
                  <caom2:naxis>2</caom2:naxis>
                  <caom2:positionAxis1>1</caom2:positionAxis1>
                  <caom2:positionAxis2>2</caom2:positionAxis2>
                  <caom2:position>
                    <caom2:axis>
                      <caom2:axis1>
                        <caom2:ctype>RA---TAN</caom2:ctype>
                        <caom2:cunit>deg</caom2:cunit>
                      </caom2:axis1>
                      <caom2:axis2>
                        <caom2:ctype>DEC--TAN</caom2:ctype>
                        <caom2:cunit>deg</caom2:cunit>
                      </caom2:axis2>
                      <caom2:function>
                        <caom2:dimension>
                          <caom2:naxis1>20302</caom2:naxis1>
                          <caom2:naxis2>21374</caom2:naxis2>
                        </caom2:dimension>
                        <caom2:refCoord>
                          <caom2:coord1>
                            <caom2:pix>10151.5</caom2:pix>
                            <caom2:val>188.0488332</caom2:val>
                          </caom2:coord1>
                          <caom2:coord2>
                            <caom2:pix>10687.5</caom2:pix>
                            <caom2:val>12.01046947</caom2:val>
                          </caom2:coord2>
                        </caom2:refCoord>
                        <caom2:cd11>-5.160416185e-05</caom2:cd11>
                        <caom2:cd12>0.0</caom2:cd12>
                        <caom2:cd21>0.0</caom2:cd21>
                        <caom2:cd22>5.160416185e-05</caom2:cd22>
                      </caom2:function>
                    </caom2:axis>
                    <caom2:coordsys>FK5</caom2:coordsys>
                    <caom2:equinox>2000.0</caom2:equinox>
                    <caom2:resolution>0.54</caom2:resolution>
                  </caom2:position>
                  <caom2:energy>
                    <caom2:axis>
                      <caom2:axis>
                        <caom2:ctype>WAVE</caom2:ctype>
                        <caom2:cunit>Angstrom</caom2:cunit>
                      </caom2:axis>
                      <caom2:range>
                        <caom2:start>
                          <caom2:pix>0.5</caom2:pix>
                          <caom2:val>6985.4311197339</caom2:val>
                        </caom2:start>
                        <caom2:end>
                          <caom2:pix>1.5</caom2:pix>
                          <caom2:val>8532.8205671531</caom2:val>
                        </caom2:end>
                      </caom2:range>
                    </caom2:axis>
                    <caom2:specsys>TOPOCENT</caom2:specsys>
                    <caom2:bandpassName>i</caom2:bandpassName>
                    <caom2:resolvingPower>5.0143329181832605</caom2:resolvingPower>
                  </caom2:energy>
                  <caom2:time>
                    <caom2:axis>
                      <caom2:axis>
                        <caom2:ctype>TIME</caom2:ctype>
                        <caom2:cunit>d</caom2:cunit>
                      </caom2:axis>
                      <caom2:bounds>
                        <caom2:samples>
                          <caom2:range>
                            <caom2:start>
                              <caom2:pix>0.5</caom2:pix>
                              <caom2:val>54528.4530469</caom2:val>
                            </caom2:start>
                            <caom2:end>
                              <caom2:pix>1.5</caom2:pix>
                              <caom2:val>54528.45780544167</caom2:val>
                            </caom2:end>
                          </caom2:range>
                          <caom2:range>
                            <caom2:start>
                              <caom2:pix>0.5</caom2:pix>
                              <caom2:val>54528.4317802</caom2:val>
                            </caom2:start>
                            <caom2:end>
                              <caom2:pix>1.5</caom2:pix>
                              <caom2:val>54528.43653827871</caom2:val>
                            </caom2:end>
                          </caom2:range>
                          <caom2:range>
                            <caom2:start>
                              <caom2:pix>0.5</caom2:pix>
                              <caom2:val>54528.4424121</caom2:val>
                            </caom2:start>
                            <caom2:end>
                              <caom2:pix>1.5</caom2:pix>
                              <caom2:val>54528.44717042176</caom2:val>
                            </caom2:end>
                          </caom2:range>
                          <caom2:range>
                            <caom2:start>
                              <caom2:pix>0.5</caom2:pix>
                              <caom2:val>54528.4370999</caom2:val>
                            </caom2:start>
                            <caom2:end>
                              <caom2:pix>1.5</caom2:pix>
                              <caom2:val>54528.44185810602</caom2:val>
                            </caom2:end>
                          </caom2:range>
                          <caom2:range>
                            <caom2:start>
                              <caom2:pix>0.5</caom2:pix>
                              <caom2:val>54528.4477258</caom2:val>
                            </caom2:start>
                            <caom2:end>
                              <caom2:pix>1.5</caom2:pix>
                              <caom2:val>54528.4524841912</caom2:val>
                            </caom2:end>
                          </caom2:range>
                        </caom2:samples>
                      </caom2:bounds>
                    </caom2:axis>
                    <caom2:exposure>2055.589000000001</caom2:exposure>
                  </caom2:time>
                </caom2:chunk>
              </caom2:chunks>
            </caom2:part>
          </caom2:parts>
        </caom2:artifact>
        <caom2:artifact caom2:id="d9da0cb3-dec1-4ca9-a639-1763946bc254">
          <caom2:uri>ad:NGVS/NGVS+0+0.l.i.Mg002.fits.mask.rd.reg</caom2:uri>
          <caom2:productType>auxiliary</caom2:productType>
          <caom2:releaseType>data</caom2:releaseType>
          <caom2:contentType>application/fits</caom2:contentType>
          <caom2:parts/>
        </caom2:artifact>
        <caom2:artifact caom2:id="929273a0-6ba7-4ef7-b9c4-2b7054eca6e0">
          <caom2:uri>ad:NGVS/NGVS+0+0.l.i.Mg002.flag.fits.fz</caom2:uri>
          <caom2:productType>auxiliary</caom2:productType>
          <caom2:releaseType>data</caom2:releaseType>
          <caom2:contentType>application/fits</caom2:contentType>
          <caom2:parts/>
        </caom2:artifact>
        <caom2:artifact caom2:id="3efe1d30-412e-430a-8db9-921d9dc4beeb">
          <caom2:uri>ad:NGVS/NGVS+0+0.l.i.Mg002.sig.fits</caom2:uri>
          <caom2:productType>weight</caom2:productType>
          <caom2:releaseType>data</caom2:releaseType>
          <caom2:contentType>application/fits</caom2:contentType>
          <caom2:parts>
            <caom2:part caom2:id="724e858f-7120-42f3-aa32-47ff5ad1d75e">
              <caom2:name>0</caom2:name>
              <caom2:chunks>
                <caom2:chunk caom2:id="b0546a5d-871a-4238-aa35-09b580cc3b13">
                  <caom2:naxis>2</caom2:naxis>
                  <caom2:positionAxis1>1</caom2:positionAxis1>
                  <caom2:positionAxis2>2</caom2:positionAxis2>
                  <caom2:position>
                    <caom2:axis>
                      <caom2:axis1>
                        <caom2:ctype>RA---TAN</caom2:ctype>
                        <caom2:cunit>deg</caom2:cunit>
                      </caom2:axis1>
                      <caom2:axis2>
                        <caom2:ctype>DEC--TAN</caom2:ctype>
                        <caom2:cunit>deg</caom2:cunit>
                      </caom2:axis2>
                      <caom2:function>
                        <caom2:dimension>
                          <caom2:naxis1>20302</caom2:naxis1>
                          <caom2:naxis2>21374</caom2:naxis2>
                        </caom2:dimension>
                        <caom2:refCoord>
                          <caom2:coord1>
                            <caom2:pix>10151.5</caom2:pix>
                            <caom2:val>188.0488332</caom2:val>
                          </caom2:coord1>
                          <caom2:coord2>
                            <caom2:pix>10687.5</caom2:pix>
                            <caom2:val>12.01046947</caom2:val>
                          </caom2:coord2>
                        </caom2:refCoord>
                        <caom2:cd11>-5.160416185e-05</caom2:cd11>
                        <caom2:cd12>0.0</caom2:cd12>
                        <caom2:cd21>0.0</caom2:cd21>
                        <caom2:cd22>5.160416185e-05</caom2:cd22>
                      </caom2:function>
                    </caom2:axis>
                    <caom2:coordsys>FK5</caom2:coordsys>
                    <caom2:equinox>2000.0</caom2:equinox>
                  </caom2:position>
                  <caom2:time>
                    <caom2:axis>
                      <caom2:axis>
                        <caom2:ctype>TIME</caom2:ctype>
                        <caom2:cunit>d</caom2:cunit>
                      </caom2:axis>
                      <caom2:bounds>
                        <caom2:samples>
                          <caom2:range>
                            <caom2:start>
                              <caom2:pix>0.5</caom2:pix>
                              <caom2:val>54528.4317802</caom2:val>
                            </caom2:start>
                            <caom2:end>
                              <caom2:pix>1.5</caom2:pix>
                              <caom2:val>54528.43653827871</caom2:val>
                            </caom2:end>
                          </caom2:range>
                          <caom2:range>
                            <caom2:start>
                              <caom2:pix>0.5</caom2:pix>
                              <caom2:val>54528.4477258</caom2:val>
                            </caom2:start>
                            <caom2:end>
                              <caom2:pix>1.5</caom2:pix>
                              <caom2:val>54528.4524841912</caom2:val>
                            </caom2:end>
                          </caom2:range>
                          <caom2:range>
                            <caom2:start>
                              <caom2:pix>0.5</caom2:pix>
                              <caom2:val>54528.4530469</caom2:val>
                            </caom2:start>
                            <caom2:end>
                              <caom2:pix>1.5</caom2:pix>
                              <caom2:val>54528.45780544167</caom2:val>
                            </caom2:end>
                          </caom2:range>
                          <caom2:range>
                            <caom2:start>
                              <caom2:pix>0.5</caom2:pix>
                              <caom2:val>54528.4370999</caom2:val>
                            </caom2:start>
                            <caom2:end>
                              <caom2:pix>1.5</caom2:pix>
                              <caom2:val>54528.44185810602</caom2:val>
                            </caom2:end>
                          </caom2:range>
                          <caom2:range>
                            <caom2:start>
                              <caom2:pix>0.5</caom2:pix>
                              <caom2:val>54528.4424121</caom2:val>
                            </caom2:start>
                            <caom2:end>
                              <caom2:pix>1.5</caom2:pix>
                              <caom2:val>54528.44717042176</caom2:val>
                            </caom2:end>
                          </caom2:range>
                        </caom2:samples>
                      </caom2:bounds>
                    </caom2:axis>
                    <caom2:exposure>2055.589000000001</caom2:exposure>
                  </caom2:time>
                </caom2:chunk>
              </caom2:chunks>
            </caom2:part>
          </caom2:parts>
        </caom2:artifact>
        <caom2:artifact caom2:id="9a1429e8-42cf-465f-80e2-2fb1ea7bce45">
          <caom2:uri>ad:NGVS/NGVS+0+0.l.i.Mg002.weight.fits.fz</caom2:uri>
          <caom2:productType>weight</caom2:productType>
          <caom2:releaseType>data</caom2:releaseType>
          <caom2:contentType>application/fits</caom2:contentType>
          <caom2:parts>
            <caom2:part caom2:id="515d24fc-17ec-4418-9f2e-01800fc5ecef">
              <caom2:name>0</caom2:name>
              <caom2:chunks/>
            </caom2:part>
            <caom2:part caom2:id="a114c0ed-ca23-4e4a-82bf-385434ffc42c">
              <caom2:name>1</caom2:name>
              <caom2:chunks>
                <caom2:chunk caom2:id="c738a6b7-542b-47f5-b7ad-2014f52a8c1b">
                  <caom2:naxis>2</caom2:naxis>
                  <caom2:positionAxis1>1</caom2:positionAxis1>
                  <caom2:positionAxis2>2</caom2:positionAxis2>
                  <caom2:position>
                    <caom2:axis>
                      <caom2:axis1>
                        <caom2:ctype>RA---TAN</caom2:ctype>
                        <caom2:cunit>deg</caom2:cunit>
                      </caom2:axis1>
                      <caom2:axis2>
                        <caom2:ctype>DEC--TAN</caom2:ctype>
                        <caom2:cunit>deg</caom2:cunit>
                      </caom2:axis2>
                      <caom2:function>
                        <caom2:dimension>
                          <caom2:naxis1>20302</caom2:naxis1>
                          <caom2:naxis2>21374</caom2:naxis2>
                        </caom2:dimension>
                        <caom2:refCoord>
                          <caom2:coord1>
                            <caom2:pix>10151.5</caom2:pix>
                            <caom2:val>188.0488332</caom2:val>
                          </caom2:coord1>
                          <caom2:coord2>
                            <caom2:pix>10687.5</caom2:pix>
                            <caom2:val>12.01046947</caom2:val>
                          </caom2:coord2>
                        </caom2:refCoord>
                        <caom2:cd11>-5.160416185e-05</caom2:cd11>
                        <caom2:cd12>0.0</caom2:cd12>
                        <caom2:cd21>0.0</caom2:cd21>
                        <caom2:cd22>5.160416185e-05</caom2:cd22>
                      </caom2:function>
                    </caom2:axis>
                    <caom2:coordsys>FK5</caom2:coordsys>
                    <caom2:equinox>2000.0</caom2:equinox>
                  </caom2:position>
                  <caom2:time>
                    <caom2:axis>
                      <caom2:axis>
                        <caom2:ctype>TIME</caom2:ctype>
                        <caom2:cunit>d</caom2:cunit>
                      </caom2:axis>
                      <caom2:bounds>
                        <caom2:samples>
                          <caom2:range>
                            <caom2:start>
                              <caom2:pix>0.5</caom2:pix>
                              <caom2:val>54528.4317802</caom2:val>
                            </caom2:start>
                            <caom2:end>
                              <caom2:pix>1.5</caom2:pix>
                              <caom2:val>54528.43653827871</caom2:val>
                            </caom2:end>
                          </caom2:range>
                          <caom2:range>
                            <caom2:start>
                              <caom2:pix>0.5</caom2:pix>
                              <caom2:val>54528.4477258</caom2:val>
                            </caom2:start>
                            <caom2:end>
                              <caom2:pix>1.5</caom2:pix>
                              <caom2:val>54528.4524841912</caom2:val>
                            </caom2:end>
                          </caom2:range>
                          <caom2:range>
                            <caom2:start>
                              <caom2:pix>0.5</caom2:pix>
                              <caom2:val>54528.4530469</caom2:val>
                            </caom2:start>
                            <caom2:end>
                              <caom2:pix>1.5</caom2:pix>
                              <caom2:val>54528.45780544167</caom2:val>
                            </caom2:end>
                          </caom2:range>
                          <caom2:range>
                            <caom2:start>
                              <caom2:pix>0.5</caom2:pix>
                              <caom2:val>54528.4370999</caom2:val>
                            </caom2:start>
                            <caom2:end>
                              <caom2:pix>1.5</caom2:pix>
                              <caom2:val>54528.44185810602</caom2:val>
                            </caom2:end>
                          </caom2:range>
                          <caom2:range>
                            <caom2:start>
                              <caom2:pix>0.5</caom2:pix>
                              <caom2:val>54528.4424121</caom2:val>
                            </caom2:start>
                            <caom2:end>
                              <caom2:pix>1.5</caom2:pix>
                              <caom2:val>54528.44717042176</caom2:val>
                            </caom2:end>
                          </caom2:range>
                        </caom2:samples>
                      </caom2:bounds>
                    </caom2:axis>
                    <caom2:exposure>2055.589000000001</caom2:exposure>
                  </caom2:time>
                </caom2:chunk>
              </caom2:chunks>
            </caom2:part>
          </caom2:parts>
        </caom2:artifact>
        <caom2:artifact caom2:id="123c8458-3b64-4408-b1b5-cd1bc3878db8">
          <caom2:uri>ad:NGVS/NGVS+0+0.l.i.Mg002.cat</caom2:uri>
          <caom2:productType>science</caom2:productType>
          <caom2:releaseType>data</caom2:releaseType>
          <caom2:contentType>text/plain</caom2:contentType>
          <caom2:contentLength>3</caom2:contentLength>
          <caom2:parts/>
        </caom2:artifact>
        <caom2:artifact caom2:id="e71bc43a-fc25-4207-815c-99634bbb67c8">
          <caom2:uri>ad:NGVS/NGVS+0+0_l_i_Mg002.psf</caom2:uri>
          <caom2:productType>science</caom2:productType>
          <caom2:releaseType>data</caom2:releaseType>
          <caom2:contentType>application/fits</caom2:contentType>
          <caom2:contentLength>13</caom2:contentLength>
          <caom2:contentChecksum>md5:d6eb32081c822ed572b70567826d9d9d</caom2:contentChecksum>
          <caom2:parts/>
        </caom2:artifact>
        <caom2:artifact caom2:id="af08ee4e-07b7-49ec-906c-65ad5c75f77b">
          <caom2:uri>ad:NGVS/psfex.NGVS+0+0.l.i.Mg002.psf</caom2:uri>
          <caom2:productType>science</caom2:productType>
          <caom2:releaseType>data</caom2:releaseType>
          <caom2:contentType>application/fits</caom2:contentType>
          <caom2:contentLength>13</caom2:contentLength>
          <caom2:contentChecksum>md5:d6eb32081c822ed572b70567826d9d9d</caom2:contentChecksum>
          <caom2:parts/>
        </caom2:artifact>
        <caom2:artifact caom2:id="255e44ac-5dc8-44d6-a71e-0467cf61933c">
          <caom2:uri>vos:ngvs/masks/NGVS+0+0.l.i.Mg002.flag.fits.fz</caom2:uri>
          <caom2:productType>auxiliary</caom2:productType>
          <caom2:releaseType>data</caom2:releaseType>
          <caom2:contentType>application/fits</caom2:contentType>
          <caom2:contentLength>18316800</caom2:contentLength>
          <caom2:contentChecksum>md5:37333ea2e1091036375e7b41e81dfddb</caom2:contentChecksum>
          <caom2:parts/>
        </caom2:artifact>
      </caom2:artifacts>
    </caom2:plane>
  </caom2:planes>
  <caom2:members>
    <caom2:observationURI>caom:CFHT/973888</caom2:observationURI>
    <caom2:observationURI>caom:CFHT/973891</caom2:observationURI>
    <caom2:observationURI>caom:CFHT/973889</caom2:observationURI>
    <caom2:observationURI>caom:CFHT/973887</caom2:observationURI>
    <caom2:observationURI>caom:CFHT/973890</caom2:observationURI>
  </caom2:members>
</caom2:Observation>
