<caom2:Observation xmlns:caom2="http://www.opencadc.org/caom2/xml/v2.4" xmlns:xsi="http://www.w3.org/2001/XMLSchema-instance" xsi:type="caom2:DerivedObservation" caom2:id="00000000-0000-0000-8cbd-885d5cc15ae7" caom2:lastModified="2018-10-16T21:21:47.633" caom2:maxLastModified="2018-10-16T21:21:47.633" caom2:metaChecksum="md5:e52b94fd7096849186140ffa039caa5a" caom2:accMetaChecksum="md5:2dbfd1faa16d65fcc0274ba0c0e788d7">
  <caom2:collection>CFHTMEGAPIPE</caom2:collection>
  <caom2:observationID>MegaPipe.358.122</caom2:observationID>
  <caom2:metaRelease>2018-09-29T09:57:36.000</caom2:metaRelease>
  <caom2:algorithm>
    <caom2:name>MEGAPIPE</caom2:name>
  </caom2:algorithm>
  <caom2:type>OBJECT</caom2:type>
  <caom2:intent>science</caom2:intent>
  <caom2:target>
    <caom2:name>NGC 5236</caom2:name>
    <caom2:standard>false</caom2:standard>
  </caom2:target>
  <caom2:telescope>
    <caom2:name>CFHT 3.6m</caom2:name>
    <caom2:geoLocationX>-5464301.771353686</caom2:geoLocationX>
    <caom2:geoLocationY>-2493489.8730419013</caom2:geoLocationY>
    <caom2:geoLocationZ>2151085.1695058867</caom2:geoLocationZ>
  </caom2:telescope>
  <caom2:instrument>
    <caom2:name>MegaPrime</caom2:name>
  </caom2:instrument>
  <caom2:planes>
    <caom2:plane caom2:id="00000000-0000-0000-987b-ba33ee4e1c23" caom2:lastModified="2018-10-16T21:21:47.633" caom2:maxLastModified="2018-10-16T21:21:47.633" caom2:metaChecksum="md5:47c6c12fbcc647a512036fb326cb37a9" caom2:accMetaChecksum="md5:7b779ca4c50bcea70070007e3832365c">
      <caom2:productID>MegaPipe.358.122.G.MP9401</caom2:productID>
      <caom2:metaRelease>2018-03-20T14:21:53.000</caom2:metaRelease>
      <caom2:dataRelease>2018-03-20T14:21:53.000</caom2:dataRelease>
      <caom2:dataProductType>image</caom2:dataProductType>
      <caom2:calibrationLevel>3</caom2:calibrationLevel>
      <caom2:provenance>
        <caom2:name>MEGAPIPE</caom2:name>
        <caom2:version>2.0</caom2:version>
        <caom2:producer>CADC</caom2:producer>
        <caom2:reference>http://www.cadc-ccda.hia-iha.nrc-cnrc.gc.ca/en/megapipe/</caom2:reference>
        <caom2:lastExecuted>2018-03-20T14:21:53.000</caom2:lastExecuted>
        <caom2:inputs>
          <caom2:planeURI>caom:CFHT/1625063/1625063p</caom2:planeURI>
        </caom2:inputs>
      </caom2:provenance>
      <caom2:metrics>
        <caom2:magLimit>24.25</caom2:magLimit>
      </caom2:metrics>
      <caom2:artifacts>
        <caom2:artifact caom2:id="00000000-0000-0000-a850-5f1704c19e4a" caom2:lastModified="2018-10-16T21:21:47.633" caom2:maxLastModified="2018-10-16T21:21:47.633" caom2:metaChecksum="md5:67718162157f74d76635df6c39150818" caom2:accMetaChecksum="md5:dfb671eebc648d8badb57f04792b3e99">
          <caom2:uri>ad:CFHTSG/MegaPipe.358.122.G.MP9401.fits</caom2:uri>
          <caom2:productType>science</caom2:productType>
          <caom2:releaseType>data</caom2:releaseType>
          <caom2:contentType>application/fits</caom2:contentType>
          <caom2:contentChecksum>md5:6ede16a81459ced73e1b2ad8ca03a62b</caom2:contentChecksum>
          <caom2:parts>
            <caom2:part caom2:id="00000000-0000-0000-ba46-868caa59f04e" caom2:lastModified="2018-10-16T21:21:47.633" caom2:maxLastModified="2018-10-16T21:21:47.633" caom2:metaChecksum="md5:0ecf60bc6b4ad222d76fda3ff5d64fe2" caom2:accMetaChecksum="md5:0436254d134b90b2135b2a877510c971">
              <caom2:name>0</caom2:name>
              <caom2:chunks>
                <caom2:chunk caom2:id="00000000-0000-0000-a9a9-6c46d109ab4c" caom2:lastModified="2018-10-16T21:21:47.633" caom2:maxLastModified="2018-10-16T21:21:47.633" caom2:metaChecksum="md5:6ead3668a0f3d0834a2c58ddd67d40b1" caom2:accMetaChecksum="md5:9728ac9708816424a49bf84285e9e2fd">
                  <caom2:naxis>2</caom2:naxis>
                  <caom2:positionAxis1>1</caom2:positionAxis1>
                  <caom2:positionAxis2>2</caom2:positionAxis2>
                  <caom2:position>
                    <caom2:axis>
                      <caom2:axis1>
                        <caom2:ctype>RA---TAN</caom2:ctype>
                        <caom2:cunit>deg</caom2:cunit>
                      </caom2:axis1>
                      <caom2:axis2>
                        <caom2:ctype>DEC--TAN</caom2:ctype>
                        <caom2:cunit>deg</caom2:cunit>
                      </caom2:axis2>
                      <caom2:function>
                        <caom2:dimension>
                          <caom2:naxis1>10000</caom2:naxis1>
                          <caom2:naxis2>10000</caom2:naxis2>
                        </caom2:dimension>
                        <caom2:refCoord>
                          <caom2:coord1>
                            <caom2:pix>5000.0</caom2:pix>
                            <caom2:val>204.66037815</caom2:val>
                          </caom2:coord1>
                          <caom2:coord2>
                            <caom2:pix>5000.0</caom2:pix>
                            <caom2:val>-29.0</caom2:val>
                          </caom2:coord2>
                        </caom2:refCoord>
                        <caom2:cd11>-5.160234650248e-05</caom2:cd11>
                        <caom2:cd12>0.0</caom2:cd12>
                        <caom2:cd21>0.0</caom2:cd21>
                        <caom2:cd22>5.160234650248e-05</caom2:cd22>
                      </caom2:function>
                    </caom2:axis>
                    <caom2:coordsys>ICRS</caom2:coordsys>
                    <caom2:equinox>2000.0</caom2:equinox>
                  </caom2:position>
                  <caom2:energy>
                    <caom2:axis>
                      <caom2:axis>
                        <caom2:ctype>WAVE</caom2:ctype>
                        <caom2:cunit>Angstrom</caom2:cunit>
                      </caom2:axis>
                      <caom2:range>
                        <caom2:start>
                          <caom2:pix>0.5</caom2:pix>
                          <caom2:val>4145.00065002595</caom2:val>
                        </caom2:start>
                        <caom2:end>
                          <caom2:pix>1.5</caom2:pix>
                          <caom2:val>5600.4581254922505</caom2:val>
                        </caom2:end>
                      </caom2:range>
                    </caom2:axis>
                    <caom2:specsys>TOPOCENT</caom2:specsys>
                    <caom2:bandpassName>g.MP9401</caom2:bandpassName>
                  </caom2:energy>
                </caom2:chunk>
              </caom2:chunks>
            </caom2:part>
          </caom2:parts>
        </caom2:artifact>
        <caom2:artifact caom2:id="00000000-0000-0000-a15a-ae37d9cb7afc" caom2:lastModified="2018-10-16T21:21:47.633" caom2:maxLastModified="2018-10-16T21:21:47.633" caom2:metaChecksum="md5:d96db1a2fc43afb87ee3559bba5f1b6f" caom2:accMetaChecksum="md5:278e8dec0dae51dad26fe21f2c4ceec1">
          <caom2:uri>ad:CFHTSG/MegaPipe.358.122.G.MP9401.fits.gif</caom2:uri>
          <caom2:productType>preview</caom2:productType>
          <caom2:releaseType>data</caom2:releaseType>
          <caom2:contentType>image/gif</caom2:contentType>
          <caom2:contentChecksum>md5:888e1acf5d46ecce2f96f61f2488efb7</caom2:contentChecksum>
          <caom2:parts/>
        </caom2:artifact>
        <caom2:artifact caom2:id="00000000-0000-0000-a938-3c91f55f84bb" caom2:lastModified="2018-10-16T21:21:47.633" caom2:maxLastModified="2018-10-16T21:21:47.633" caom2:metaChecksum="md5:def9a23c48cc988981f40779b9fd7936" caom2:accMetaChecksum="md5:79b9f47168ccd404b9b0e1fe1956634c">
          <caom2:uri>ad:CFHTSG/MegaPipe.358.122.G.MP9401.weight.fits</caom2:uri>
          <caom2:productType>weight</caom2:productType>
          <caom2:releaseType>data</caom2:releaseType>
          <caom2:contentType>application/fits</caom2:contentType>
          <caom2:contentChecksum>md5:d082fa6a8e3b3f047f6ff3d906266608</caom2:contentChecksum>
          <caom2:parts/>
        </caom2:artifact>
      </caom2:artifacts>
    </caom2:plane>
    <caom2:plane caom2:id="00000000-0000-0000-b101-2858212bcfa2" caom2:lastModified="2018-10-16T21:21:47.633" caom2:maxLastModified="2018-10-16T21:21:47.633" caom2:metaChecksum="md5:92a92a98bc90dd6a0b804cd5b7d89483" caom2:accMetaChecksum="md5:92ead0dbb56c9ae56dbd5dd26950dbc9">
      <caom2:productID>MegaPipe.358.122.GRI.MP9605</caom2:productID>
      <caom2:metaRelease>2018-09-29T09:57:36.000</caom2:metaRelease>
      <caom2:dataRelease>2018-09-29T09:57:36.000</caom2:dataRelease>
      <caom2:dataProductType>image</caom2:dataProductType>
      <caom2:calibrationLevel>3</caom2:calibrationLevel>
      <caom2:provenance>
        <caom2:name>MEGAPIPE</caom2:name>
        <caom2:version>2.0</caom2:version>
        <caom2:producer>CADC</caom2:producer>
        <caom2:reference>http://www.cadc-ccda.hia-iha.nrc-cnrc.gc.ca/en/megapipe/</caom2:reference>
        <caom2:lastExecuted>2018-09-29T09:57:36.000</caom2:lastExecuted>
        <caom2:inputs>
          <caom2:planeURI>caom:CFHT/2105341/2105341p</caom2:planeURI>
          <caom2:planeURI>caom:CFHT/2105339/2105339p</caom2:planeURI>
          <caom2:planeURI>caom:CFHT/2105340/2105340p</caom2:planeURI>
        </caom2:inputs>
      </caom2:provenance>
      <caom2:metrics>
        <caom2:magLimit>24.26</caom2:magLimit>
      </caom2:metrics>
      <caom2:artifacts>
        <caom2:artifact caom2:id="00000000-0000-0000-99a2-6050f7d1146b" caom2:lastModified="2018-10-16T21:21:47.633" caom2:maxLastModified="2018-10-16T21:21:47.633" caom2:metaChecksum="md5:9fa758418875de966abb8fb7667766b0" caom2:accMetaChecksum="md5:080565be7a99ca813452210476b3a5e5">
          <caom2:uri>ad:CFHTSG/MegaPipe.358.122.GRI.MP9605.fits</caom2:uri>
          <caom2:productType>science</caom2:productType>
          <caom2:releaseType>data</caom2:releaseType>
          <caom2:contentType>application/fits</caom2:contentType>
          <caom2:contentChecksum>md5:6d20aee49133caa9cdafe892f28dc3b8</caom2:contentChecksum>
          <caom2:parts>
            <caom2:part caom2:id="00000000-0000-0000-8033-5ea0e21cc56f" caom2:lastModified="2018-10-16T21:21:47.633" caom2:maxLastModified="2018-10-16T21:21:47.633" caom2:metaChecksum="md5:ed796c40228db02cacaaba79bf2ffc01" caom2:accMetaChecksum="md5:9a6360719458bfb25dd5a553d1a85f77">
              <caom2:name>0</caom2:name>
              <caom2:chunks>
                <caom2:chunk caom2:id="00000000-0000-0000-8b16-b83b7233a6dc" caom2:lastModified="2018-10-16T21:21:47.633" caom2:maxLastModified="2018-10-16T21:21:47.633" caom2:metaChecksum="md5:f25095ec8f55d30a0fe67507892fbe31" caom2:accMetaChecksum="md5:b2c1612588e4fab34c045873b9a0837c">
                  <caom2:naxis>2</caom2:naxis>
                  <caom2:positionAxis1>1</caom2:positionAxis1>
                  <caom2:positionAxis2>2</caom2:positionAxis2>
                  <caom2:position>
                    <caom2:axis>
                      <caom2:axis1>
                        <caom2:ctype>RA---TAN</caom2:ctype>
                        <caom2:cunit>deg</caom2:cunit>
                      </caom2:axis1>
                      <caom2:axis2>
                        <caom2:ctype>DEC--TAN</caom2:ctype>
                        <caom2:cunit>deg</caom2:cunit>
                      </caom2:axis2>
                      <caom2:function>
                        <caom2:dimension>
                          <caom2:naxis1>10000</caom2:naxis1>
                          <caom2:naxis2>10000</caom2:naxis2>
                        </caom2:dimension>
                        <caom2:refCoord>
                          <caom2:coord1>
                            <caom2:pix>5000.0</caom2:pix>
                            <caom2:val>204.66037815</caom2:val>
                          </caom2:coord1>
                          <caom2:coord2>
                            <caom2:pix>5000.0</caom2:pix>
                            <caom2:val>-29.0</caom2:val>
                          </caom2:coord2>
                        </caom2:refCoord>
                        <caom2:cd11>-5.160234650248e-05</caom2:cd11>
                        <caom2:cd12>0.0</caom2:cd12>
                        <caom2:cd21>0.0</caom2:cd21>
                        <caom2:cd22>5.160234650248e-05</caom2:cd22>
                      </caom2:function>
                    </caom2:axis>
                    <caom2:coordsys>ICRS</caom2:coordsys>
                    <caom2:equinox>2000.0</caom2:equinox>
                  </caom2:position>
                  <caom2:energy>
                    <caom2:axis>
                      <caom2:axis>
                        <caom2:ctype>WAVE</caom2:ctype>
                        <caom2:cunit>Angstrom</caom2:cunit>
                      </caom2:axis>
                      <caom2:range>
                        <caom2:start>
                          <caom2:pix>0.5</caom2:pix>
                          <caom2:val>3976.1258803861997</caom2:val>
                        </caom2:start>
                        <caom2:end>
                          <caom2:pix>1.5</caom2:pix>
                          <caom2:val>8143.963257626399</caom2:val>
                        </caom2:end>
                      </caom2:range>
                    </caom2:axis>
                    <caom2:specsys>TOPOCENT</caom2:specsys>
                    <caom2:bandpassName>gri.MP9605</caom2:bandpassName>
                  </caom2:energy>
                </caom2:chunk>
              </caom2:chunks>
            </caom2:part>
          </caom2:parts>
        </caom2:artifact>
        <caom2:artifact caom2:id="00000000-0000-0000-a11c-bbe0a8eeed3d" caom2:lastModified="2018-10-16T21:21:47.633" caom2:maxLastModified="2018-10-16T21:21:47.633" caom2:metaChecksum="md5:151ce282c1382f63e60a096dee578326" caom2:accMetaChecksum="md5:88c24b12acd68ea0459272622a006af5">
          <caom2:uri>ad:CFHTSG/MegaPipe.358.122.GRI.MP9605.fits.gif</caom2:uri>
          <caom2:productType>preview</caom2:productType>
          <caom2:releaseType>data</caom2:releaseType>
          <caom2:contentType>image/gif</caom2:contentType>
          <caom2:contentChecksum>md5:2e50fe609863d866b6e5d9249c5739f4</caom2:contentChecksum>
          <caom2:parts/>
        </caom2:artifact>
        <caom2:artifact caom2:id="00000000-0000-0000-90b4-5efed841c0fd" caom2:lastModified="2018-10-16T21:21:47.633" caom2:maxLastModified="2018-10-16T21:21:47.633" caom2:metaChecksum="md5:dd0c8444cf597cff3335a7b5823fe971" caom2:accMetaChecksum="md5:4f6a44a315f8e783663215a95817722d">
          <caom2:uri>ad:CFHTSG/MegaPipe.358.122.GRI.MP9605.weight.fits</caom2:uri>
          <caom2:productType>weight</caom2:productType>
          <caom2:releaseType>data</caom2:releaseType>
          <caom2:contentType>application/fits</caom2:contentType>
          <caom2:contentChecksum>md5:c2581a99a17bb093692d75bf29eab5a9</caom2:contentChecksum>
          <caom2:parts/>
        </caom2:artifact>
      </caom2:artifacts>
    </caom2:plane>
    <caom2:plane caom2:id="00000000-0000-0000-9404-45f33bd8e729" caom2:lastModified="2018-10-16T21:21:47.633" caom2:maxLastModified="2018-10-16T21:21:47.633" caom2:metaChecksum="md5:8672048fee41ff51f7b37d32f1bbd3f8" caom2:accMetaChecksum="md5:783228f9e7e2a7655c11b234cd9116ce">
      <caom2:productID>MegaPipe.358.122.I.MP9702</caom2:productID>
      <caom2:metaRelease>2018-03-21T17:22:22.000</caom2:metaRelease>
      <caom2:dataRelease>2018-03-21T17:22:22.000</caom2:dataRelease>
      <caom2:dataProductType>image</caom2:dataProductType>
      <caom2:calibrationLevel>3</caom2:calibrationLevel>
      <caom2:provenance>
        <caom2:name>MEGAPIPE</caom2:name>
        <caom2:version>2.0</caom2:version>
        <caom2:producer>CADC</caom2:producer>
        <caom2:reference>http://www.cadc-ccda.hia-iha.nrc-cnrc.gc.ca/en/megapipe/</caom2:reference>
        <caom2:lastExecuted>2018-03-21T17:22:22.000</caom2:lastExecuted>
        <caom2:inputs>
          <caom2:planeURI>caom:CFHT/1624481/1624481p</caom2:planeURI>
          <caom2:planeURI>caom:CFHT/1624480/1624480p</caom2:planeURI>
        </caom2:inputs>
      </caom2:provenance>
      <caom2:metrics>
        <caom2:magLimit>23.07</caom2:magLimit>
      </caom2:metrics>
      <caom2:artifacts>
        <caom2:artifact caom2:id="00000000-0000-0000-b211-201038418115" caom2:lastModified="2018-10-16T21:21:47.633" caom2:maxLastModified="2018-10-16T21:21:47.633" caom2:metaChecksum="md5:dc533049b5d6d8eb917da9478f33914a" caom2:accMetaChecksum="md5:d4a4e44836f5de2366898e6ae1aca2e0">
          <caom2:uri>ad:CFHTSG/MegaPipe.358.122.I.MP9702.fits</caom2:uri>
          <caom2:productType>science</caom2:productType>
          <caom2:releaseType>data</caom2:releaseType>
          <caom2:contentType>application/fits</caom2:contentType>
          <caom2:contentChecksum>md5:c6e6666f410e8a30522d6a2812d4a502</caom2:contentChecksum>
          <caom2:parts>
            <caom2:part caom2:id="00000000-0000-0000-baa9-6c3fd6e4f4cb" caom2:lastModified="2018-10-16T21:21:47.633" caom2:maxLastModified="2018-10-16T21:21:47.633" caom2:metaChecksum="md5:d6e7818eb7e30fc4c6dd01420a8e7083" caom2:accMetaChecksum="md5:7588ebd04543c76566c10c6d858d9eb1">
              <caom2:name>0</caom2:name>
              <caom2:chunks>
                <caom2:chunk caom2:id="00000000-0000-0000-9689-2acbf7fe9a52" caom2:lastModified="2018-10-16T21:21:47.633" caom2:maxLastModified="2018-10-16T21:21:47.633" caom2:metaChecksum="md5:f6147a065593548805eb1587eeba69bf" caom2:accMetaChecksum="md5:240b9c2fae185d477dba28bdf09b12cc">
                  <caom2:naxis>2</caom2:naxis>
                  <caom2:positionAxis1>1</caom2:positionAxis1>
                  <caom2:positionAxis2>2</caom2:positionAxis2>
                  <caom2:position>
                    <caom2:axis>
                      <caom2:axis1>
                        <caom2:ctype>RA---TAN</caom2:ctype>
                        <caom2:cunit>deg</caom2:cunit>
                      </caom2:axis1>
                      <caom2:axis2>
                        <caom2:ctype>DEC--TAN</caom2:ctype>
                        <caom2:cunit>deg</caom2:cunit>
                      </caom2:axis2>
                      <caom2:function>
                        <caom2:dimension>
                          <caom2:naxis1>10000</caom2:naxis1>
                          <caom2:naxis2>10000</caom2:naxis2>
                        </caom2:dimension>
                        <caom2:refCoord>
                          <caom2:coord1>
                            <caom2:pix>5000.0</caom2:pix>
                            <caom2:val>204.66037815</caom2:val>
                          </caom2:coord1>
                          <caom2:coord2>
                            <caom2:pix>5000.0</caom2:pix>
                            <caom2:val>-29.0</caom2:val>
                          </caom2:coord2>
                        </caom2:refCoord>
                        <caom2:cd11>-5.160234650248e-05</caom2:cd11>
                        <caom2:cd12>0.0</caom2:cd12>
                        <caom2:cd21>0.0</caom2:cd21>
                        <caom2:cd22>5.160234650248e-05</caom2:cd22>
                      </caom2:function>
                    </caom2:axis>
                    <caom2:coordsys>ICRS</caom2:coordsys>
                    <caom2:equinox>2000.0</caom2:equinox>
                  </caom2:position>
                  <caom2:energy>
                    <caom2:axis>
                      <caom2:axis>
                        <caom2:ctype>WAVE</caom2:ctype>
                        <caom2:cunit>Angstrom</caom2:cunit>
                      </caom2:axis>
                      <caom2:range>
                        <caom2:start>
                          <caom2:pix>0.5</caom2:pix>
                          <caom2:val>7021.9669592153</caom2:val>
                        </caom2:start>
                        <caom2:end>
                          <caom2:pix>1.5</caom2:pix>
                          <caom2:val>8530.3320037541</caom2:val>
                        </caom2:end>
                      </caom2:range>
                    </caom2:axis>
                    <caom2:specsys>TOPOCENT</caom2:specsys>
                    <caom2:bandpassName>i.MP9702</caom2:bandpassName>
                  </caom2:energy>
                </caom2:chunk>
              </caom2:chunks>
            </caom2:part>
          </caom2:parts>
        </caom2:artifact>
        <caom2:artifact caom2:id="00000000-0000-0000-a66f-543b2a854d02" caom2:lastModified="2018-10-16T21:21:47.633" caom2:maxLastModified="2018-10-16T21:21:47.633" caom2:metaChecksum="md5:d8b75ba52fe60b95d8806a2bca1e994f" caom2:accMetaChecksum="md5:0338dfec285a036ab4b9f2820f96a5d0">
          <caom2:uri>ad:CFHTSG/MegaPipe.358.122.I.MP9702.fits.gif</caom2:uri>
          <caom2:productType>preview</caom2:productType>
          <caom2:releaseType>data</caom2:releaseType>
          <caom2:contentType>image/gif</caom2:contentType>
          <caom2:contentChecksum>md5:211e1e02126b475c7f3cf3bbea32c5d9</caom2:contentChecksum>
          <caom2:parts/>
        </caom2:artifact>
        <caom2:artifact caom2:id="00000000-0000-0000-80ec-18ce18f26f30" caom2:lastModified="2018-10-16T21:21:47.633" caom2:maxLastModified="2018-10-16T21:21:47.633" caom2:metaChecksum="md5:2b9f963df2848b489d8bf6c21cf5e851" caom2:accMetaChecksum="md5:c213df9ed4ac7c93e83430b5b56e8180">
          <caom2:uri>ad:CFHTSG/MegaPipe.358.122.I.MP9702.weight.fits</caom2:uri>
          <caom2:productType>weight</caom2:productType>
          <caom2:releaseType>data</caom2:releaseType>
          <caom2:contentType>application/fits</caom2:contentType>
          <caom2:contentChecksum>md5:e09628919e2ff2c5e34952e9cbc0c7f6</caom2:contentChecksum>
          <caom2:parts/>
        </caom2:artifact>
      </caom2:artifacts>
    </caom2:plane>
    <caom2:plane caom2:id="00000000-0000-0000-b611-3c7c29bb80ad" caom2:lastModified="2018-10-16T21:21:47.633" caom2:maxLastModified="2018-10-16T21:21:47.633" caom2:metaChecksum="md5:da16584c49a5498a9fa6ec916ec2b4e9" caom2:accMetaChecksum="md5:5b13121562b00f8b0ba67a6938228e6a">
      <caom2:productID>MegaPipe.358.122.R.MP9601</caom2:productID>
      <caom2:metaRelease>2018-03-22T18:09:06.000</caom2:metaRelease>
      <caom2:dataRelease>2018-03-22T18:09:06.000</caom2:dataRelease>
      <caom2:dataProductType>image</caom2:dataProductType>
      <caom2:calibrationLevel>3</caom2:calibrationLevel>
      <caom2:provenance>
        <caom2:name>MEGAPIPE</caom2:name>
        <caom2:version>2.0</caom2:version>
        <caom2:producer>CADC</caom2:producer>
        <caom2:reference>http://www.cadc-ccda.hia-iha.nrc-cnrc.gc.ca/en/megapipe/</caom2:reference>
        <caom2:lastExecuted>2018-03-22T18:09:06.000</caom2:lastExecuted>
        <caom2:inputs>
          <caom2:planeURI>caom:CFHT/1625070/1625070p</caom2:planeURI>
          <caom2:planeURI>caom:CFHT/1625076/1625076p</caom2:planeURI>
          <caom2:planeURI>caom:CFHT/1625069/1625069p</caom2:planeURI>
          <caom2:planeURI>caom:CFHT/1625077/1625077p</caom2:planeURI>
        </caom2:inputs>
      </caom2:provenance>
      <caom2:metrics>
        <caom2:magLimit>24.02</caom2:magLimit>
      </caom2:metrics>
      <caom2:artifacts>
        <caom2:artifact caom2:id="00000000-0000-0000-b62d-4745e64c2b42" caom2:lastModified="2018-10-16T21:21:47.633" caom2:maxLastModified="2018-10-16T21:21:47.633" caom2:metaChecksum="md5:7a0412ba5053b331fc8b408d44f03792" caom2:accMetaChecksum="md5:504d302db6cc51a384600a2f4359ae13">
          <caom2:uri>ad:CFHTSG/MegaPipe.358.122.R.MP9601.fits</caom2:uri>
          <caom2:productType>science</caom2:productType>
          <caom2:releaseType>data</caom2:releaseType>
          <caom2:contentType>application/fits</caom2:contentType>
          <caom2:contentChecksum>md5:804790de6e6b3a507bfd1611adfb346b</caom2:contentChecksum>
          <caom2:parts>
            <caom2:part caom2:id="00000000-0000-0000-acb0-09a40ad7ff3b" caom2:lastModified="2018-10-16T21:21:47.633" caom2:maxLastModified="2018-10-16T21:21:47.633" caom2:metaChecksum="md5:be9403b38f0bbb8bacdb4b80a4ef934c" caom2:accMetaChecksum="md5:1fc19cf3a92aa81e8302f8e427859c05">
              <caom2:name>0</caom2:name>
              <caom2:chunks>
                <caom2:chunk caom2:id="00000000-0000-0000-b2ee-4eebd55f9586" caom2:lastModified="2018-10-16T21:21:47.633" caom2:maxLastModified="2018-10-16T21:21:47.633" caom2:metaChecksum="md5:e542ea16c9d584c4c08a0fba8527db78" caom2:accMetaChecksum="md5:3aaa1c9df39cf4bea814a624d8859cd1">
                  <caom2:naxis>2</caom2:naxis>
                  <caom2:positionAxis1>1</caom2:positionAxis1>
                  <caom2:positionAxis2>2</caom2:positionAxis2>
                  <caom2:position>
                    <caom2:axis>
                      <caom2:axis1>
                        <caom2:ctype>RA---TAN</caom2:ctype>
                        <caom2:cunit>deg</caom2:cunit>
                      </caom2:axis1>
                      <caom2:axis2>
                        <caom2:ctype>DEC--TAN</caom2:ctype>
                        <caom2:cunit>deg</caom2:cunit>
                      </caom2:axis2>
                      <caom2:function>
                        <caom2:dimension>
                          <caom2:naxis1>10000</caom2:naxis1>
                          <caom2:naxis2>10000</caom2:naxis2>
                        </caom2:dimension>
                        <caom2:refCoord>
                          <caom2:coord1>
                            <caom2:pix>5000.0</caom2:pix>
                            <caom2:val>204.66037815</caom2:val>
                          </caom2:coord1>
                          <caom2:coord2>
                            <caom2:pix>5000.0</caom2:pix>
                            <caom2:val>-29.0</caom2:val>
                          </caom2:coord2>
                        </caom2:refCoord>
                        <caom2:cd11>-5.160234650248e-05</caom2:cd11>
                        <caom2:cd12>0.0</caom2:cd12>
                        <caom2:cd21>0.0</caom2:cd21>
                        <caom2:cd22>5.160234650248e-05</caom2:cd22>
                      </caom2:function>
                    </caom2:axis>
                    <caom2:coordsys>ICRS</caom2:coordsys>
                    <caom2:equinox>2000.0</caom2:equinox>
                  </caom2:position>
                  <caom2:energy>
                    <caom2:axis>
                      <caom2:axis>
                        <caom2:ctype>WAVE</caom2:ctype>
                        <caom2:cunit>Angstrom</caom2:cunit>
                      </caom2:axis>
                      <caom2:range>
                        <caom2:start>
                          <caom2:pix>0.5</caom2:pix>
                          <caom2:val>5672.19817501165</caom2:val>
                        </caom2:start>
                        <caom2:end>
                          <caom2:pix>1.5</caom2:pix>
                          <caom2:val>6891.577888750149</caom2:val>
                        </caom2:end>
                      </caom2:range>
                    </caom2:axis>
                    <caom2:specsys>TOPOCENT</caom2:specsys>
                    <caom2:bandpassName>r.MP9601</caom2:bandpassName>
                  </caom2:energy>
                </caom2:chunk>
              </caom2:chunks>
            </caom2:part>
          </caom2:parts>
        </caom2:artifact>
        <caom2:artifact caom2:id="00000000-0000-0000-b1b3-f34354cbdbf2" caom2:lastModified="2018-10-16T21:21:47.633" caom2:maxLastModified="2018-10-16T21:21:47.633" caom2:metaChecksum="md5:978272749c6d11cef386b48128d75f79" caom2:accMetaChecksum="md5:e46dfdf518f8895539876410f8d2186e">
          <caom2:uri>ad:CFHTSG/MegaPipe.358.122.R.MP9601.fits.gif</caom2:uri>
          <caom2:productType>preview</caom2:productType>
          <caom2:releaseType>data</caom2:releaseType>
          <caom2:contentType>image/gif</caom2:contentType>
          <caom2:contentChecksum>md5:bf86126afa42be0c824c06fff3c6b8ee</caom2:contentChecksum>
          <caom2:parts/>
        </caom2:artifact>
        <caom2:artifact caom2:id="00000000-0000-0000-9a58-c416d6541ec3" caom2:lastModified="2018-10-16T21:21:47.633" caom2:maxLastModified="2018-10-16T21:21:47.633" caom2:metaChecksum="md5:3d26c2f2e90b73b0295888131d2e53ab" caom2:accMetaChecksum="md5:dbf949c0a5179abc654e90b72f8930bd">
          <caom2:uri>ad:CFHTSG/MegaPipe.358.122.R.MP9601.weight.fits</caom2:uri>
          <caom2:productType>weight</caom2:productType>
          <caom2:releaseType>data</caom2:releaseType>
          <caom2:contentType>application/fits</caom2:contentType>
          <caom2:contentChecksum>md5:e51737e40bf6b328f2c3d335d748176b</caom2:contentChecksum>
          <caom2:parts/>
        </caom2:artifact>
      </caom2:artifacts>
    </caom2:plane>
  </caom2:planes>
  <caom2:members>
    <caom2:observationURI>caom:CFHT/1624480</caom2:observationURI>
    <caom2:observationURI>caom:CFHT/2105340</caom2:observationURI>
    <caom2:observationURI>caom:CFHT/2105339</caom2:observationURI>
    <caom2:observationURI>caom:CFHT/1624481</caom2:observationURI>
    <caom2:observationURI>caom:CFHT/1625070</caom2:observationURI>
    <caom2:observationURI>caom:CFHT/1625077</caom2:observationURI>
    <caom2:observationURI>caom:CFHT/2105341</caom2:observationURI>
    <caom2:observationURI>caom:CFHT/1625069</caom2:observationURI>
    <caom2:observationURI>caom:CFHT/1625063</caom2:observationURI>
    <caom2:observationURI>caom:CFHT/1625076</caom2:observationURI>
  </caom2:members>
</caom2:Observation>
